// Jest Snapshot v1, https://goo.gl/fbAQLP

exports[`should render NotFoundPage correctly 1`] = `
<div>
  This is from 404 component. 
  <Link
    to="/"
  >
    go home
  </Link>
</div>
`;
